// Jest Snapshot v1, https://goo.gl/fbAQLP

exports[`matches snapshot 1`] = `
<nav
  class="navbar"
  data-testid="navbar"
>
  <ul>
    <li>
      <a
        href="/"
      >
        Home
      </a>
    </li>
    <li>
      <a
        href="/about"
      >
        About
      </a>
    </li>
    <li>
      <a
        href="https://example.com"
        rel="noopener noreferrer"
        target="_blank"
      >
        External Link
      </a>
    </li>
  </ul>
</nav>
`;
